// Jest Snapshot v1, https://goo.gl/fbAQLP

exports[`<Feed /> renders properly 1`] = `
<Paper
  circle={false}
  id="feed"
  rounded={true}
  style={
    Object {
      "height": "100vh",
      "width": "768px",
    }
  }
  transitionEnabled={true}
  zDepth={1}
>
  <Connect(FeedScroll) />
</Paper>
`;

exports[`<Feed /> shows feeditems in proper order 1`] = `
<Paper
  circle={false}
  id="feed"
  rounded={true}
  style={
    Object {
      "height": "100vh",
      "width": "768px",
    }
  }
  transitionEnabled={true}
  zDepth={1}
>
  <Connect(FeedScroll) />
</Paper>
`;
