// Jest Snapshot v1, https://goo.gl/fbAQLP

exports[`<NotInGroup /> renders properly 1`] = `
<div
  style={
    Object {
      "alignItems": "center",
      "justifyContent": "center",
    }
  }
>
  <h4>
    Oh no! It looks like you're not in the Cal Poly Ride Share Group. Request to join 
    <a
      href="https://www.facebook.com/groups/250502971675365/"
      target="RIDESHAREGROUP"
    >
      here
    </a>
    .
  </h4>
</div>
`;
